
PROGRAM "E:\work\B202B\B20B_Project\MCU\Code\newPlant\bin\Project.abs"

*********************************************************************************************
TARGET SECTION
---------------------------------------------------------------------------------------------
Processor   : Freescale HC08
Memory Model: SMALL
File Format : ELF\DWARF 2.0
Linker      : SmartLinker V-5.0.37 Build 9279, Oct  7 2009

*********************************************************************************************
FILE SECTION
---------------------------------------------------------------------------------------------
list.c.o                                Model: SMALL,         Lang: ANSI-C
main.c.o                                Model: SMALL,         Lang: ANSI-C
system.c.o                              Model: SMALL,         Lang: ANSI-C
RTSHC08.C.o (ansiis.lib)                Model: SMALL,         Lang: ANSI-C
STRING.C.o (ansiis.lib)                 Model: SMALL,         Lang: ANSI-C
MC9S08DZ60.C.o                          Model: SMALL,         Lang: ANSI-C
Start08.c.o                             Model: SMALL,         Lang: ANSI-C
Error.c.o                               Model: SMALL,         Lang: ANSI-C
SoftTimer.c.o                           Model: SMALL,         Lang: ANSI-C
PortInterrupt.c.o                       Model: SMALL,         Lang: ANSI-C
Radar.c.o                               Model: SMALL,         Lang: ANSI-C
Display.c.o                             Model: SMALL,         Lang: ANSI-C
Tw88xx_Drv.c.o                          Model: SMALL,         Lang: ANSI-C
ad.c.o                                  Model: SMALL,         Lang: ANSI-C
Ac.c.o                                  Model: SMALL,         Lang: ANSI-C
AirCondition.c.o                        Model: SMALL,         Lang: ANSI-C
Avm.c.o                                 Model: SMALL,         Lang: ANSI-C
Bcm.c.o                                 Model: SMALL,         Lang: ANSI-C
ApuDriver.c.o                           Model: SMALL,         Lang: ANSI-C
can.c.o                                 Model: SMALL,         Lang: ANSI-C
eeprom.c.o                              Model: SMALL,         Lang: ANSI-C
hdinit.c.o                              Model: SMALL,         Lang: ANSI-C
iic.c.o                                 Model: SMALL,         Lang: ANSI-C
Pwm.c.o                                 Model: SMALL,         Lang: ANSI-C
TDF85xx.c.o                             Model: SMALL,         Lang: ANSI-C
Timer.c.o                               Model: SMALL,         Lang: ANSI-C
uart.c.o                                Model: SMALL,         Lang: ANSI-C
Apu.c.o                                 Model: SMALL,         Lang: ANSI-C
CanApp.c.o                              Model: SMALL,         Lang: ANSI-C
Key.c.o                                 Model: SMALL,         Lang: ANSI-C
MCUinit.c.o                             Model: SMALL,         Lang: ANSI-C
common.c.o                              Model: SMALL,         Lang: ANSI-C
Gps.c.o                                 Model: SMALL,         Lang: ANSI-C
Amp.c.o                                 Model: SMALL,         Lang: ANSI-C
NetworkManager.c.o                      Model: SMALL,         Lang: ANSI-C
DiagAppLayer.c.o                        Model: SMALL,         Lang: ANSI-C
DiagDTC.c.o                             Model: SMALL,         Lang: ANSI-C
DiagNetLayer.c.o                        Model: SMALL,         Lang: ANSI-C
logo.c.o                                Model: SMALL,         Lang: ANSI-C
Ins.c.o                                 Model: SMALL,         Lang: ANSI-C
InsApp.c.o                              Model: SMALL,         Lang: ANSI-C
Ems.c.o                                 Model: SMALL,         Lang: ANSI-C

*********************************************************************************************
STARTUP SECTION
---------------------------------------------------------------------------------------------
Entry point: 0x197B (_Startup)
_startupData is allocated at 0x1984 and uses 6 Bytes
extern struct _tagStartup {
  unsigned nofZeroOut     1
  _Range   pZeroOut       0x100     3016
  _Copy    *toCopyDownBeg 0x992D
} _startupData;

*********************************************************************************************
SECTION-ALLOCATION SECTION
Section Name                    Size  Type     From       To       Segment
---------------------------------------------------------------------------------------------
.data                            101   R/W      0x100      0x164   RAM
.init                            132     R     0x1900     0x1983   ROM
.startData                        14     R     0x1984     0x1991   ROM
.rodata                         2839     R     0x1992     0x24A8   ROM
.rodata1                           6     R     0x24A9     0x24AE   ROM
.text                          29822     R     0x24AF     0x992C   ROM
.copy                            107     R     0x992D     0x9997   ROM
.abs_section_0                     1   N/I        0x0        0x0   .absSeg0
.abs_section_1                     1   N/I        0x1        0x1   .absSeg1
.abs_section_2                     1   N/I        0x2        0x2   .absSeg2
.abs_section_3                     1   N/I        0x3        0x3   .absSeg3
.abs_section_4                     1   N/I        0x4        0x4   .absSeg4
.abs_section_5                     1   N/I        0x5        0x5   .absSeg5
.abs_section_6                     1   N/I        0x6        0x6   .absSeg6
.abs_section_7                     1   N/I        0x7        0x7   .absSeg7
.abs_section_8                     1   N/I        0x8        0x8   .absSeg8
.abs_section_9                     1   N/I        0x9        0x9   .absSeg9
.abs_section_a                     1   N/I        0xA        0xA   .absSeg10
.abs_section_b                     1   N/I        0xB        0xB   .absSeg11
.abs_section_c                     1   N/I        0xC        0xC   .absSeg12
.abs_section_d                     1   N/I        0xD        0xD   .absSeg13
.abs_section_e                     1   N/I        0xE        0xE   .absSeg14
.abs_section_f                     1   N/I        0xF        0xF   .absSeg15
.abs_section_10                    1   N/I       0x10       0x10   .absSeg16
.abs_section_11                    1   N/I       0x11       0x11   .absSeg17
.abs_section_16                    1   N/I       0x16       0x16   .absSeg18
.abs_section_17                    1   N/I       0x17       0x17   .absSeg19
.abs_section_18                    1   N/I       0x18       0x18   .absSeg20
.abs_section_19                    1   N/I       0x19       0x19   .absSeg21
.abs_section_1c                    1   N/I       0x1C       0x1C   .absSeg22
.abs_section_20                    1   N/I       0x20       0x20   .absSeg23
.abs_section_25                    1   N/I       0x25       0x25   .absSeg24
.abs_section_28                    1   N/I       0x28       0x28   .absSeg25
.abs_section_2b                    1   N/I       0x2B       0x2B   .absSeg26
.abs_section_2e                    1   N/I       0x2E       0x2E   .absSeg27
.abs_section_31                    1   N/I       0x31       0x31   .absSeg28
.abs_section_34                    1   N/I       0x34       0x34   .absSeg29
.abs_section_3a                    1   N/I       0x3A       0x3A   .absSeg30
.abs_section_3b                    1   N/I       0x3B       0x3B   .absSeg31
.abs_section_3c                    1   N/I       0x3C       0x3C   .absSeg32
.abs_section_3d                    1   N/I       0x3D       0x3D   .absSeg33
.abs_section_3e                    1   N/I       0x3E       0x3E   .absSeg34
.abs_section_3f                    1   N/I       0x3F       0x3F   .absSeg35
.abs_section_42                    1   N/I       0x42       0x42   .absSeg36
.abs_section_43                    1   N/I       0x43       0x43   .absSeg37
.abs_section_44                    1   N/I       0x44       0x44   .absSeg38
.abs_section_45                    1   N/I       0x45       0x45   .absSeg39
.abs_section_46                    1   N/I       0x46       0x46   .absSeg40
.abs_section_47                    1   N/I       0x47       0x47   .absSeg41
.abs_section_48                    1   N/I       0x48       0x48   .absSeg42
.abs_section_49                    1   N/I       0x49       0x49   .absSeg43
.abs_section_4a                    1   N/I       0x4A       0x4A   .absSeg44
.abs_section_4b                    1   N/I       0x4B       0x4B   .absSeg45
.abs_section_4c                    1   N/I       0x4C       0x4C   .absSeg46
.abs_section_50                    1   N/I       0x50       0x50   .absSeg47
.abs_section_51                    1   N/I       0x51       0x51   .absSeg48
.abs_section_52                    1   N/I       0x52       0x52   .absSeg49
.abs_section_53                    1   N/I       0x53       0x53   .absSeg50
.abs_section_55                    1   N/I       0x55       0x55   .absSeg51
.abs_section_58                    1   N/I       0x58       0x58   .absSeg52
.abs_section_59                    1   N/I       0x59       0x59   .absSeg53
.abs_section_5a                    1   N/I       0x5A       0x5A   .absSeg54
.abs_section_5b                    1   N/I       0x5B       0x5B   .absSeg55
.abs_section_5c                    1   N/I       0x5C       0x5C   .absSeg56
.abs_section_5d                    1   N/I       0x5D       0x5D   .absSeg57
.abs_section_60                    1   N/I       0x60       0x60   .absSeg58
.abs_section_65                    1   N/I       0x65       0x65   .absSeg59
.abs_section_68                    1   N/I       0x68       0x68   .absSeg60
.abs_section_6c                    1   N/I       0x6C       0x6C   .absSeg61
.abs_section_6d                    1   N/I       0x6D       0x6D   .absSeg62
.abs_section_6e                    1   N/I       0x6E       0x6E   .absSeg63
.abs_section_1800                  1   N/I     0x1800     0x1800   .absSeg64
.abs_section_1801                  1   N/I     0x1801     0x1801   .absSeg65
.abs_section_1802                  1   N/I     0x1802     0x1802   .absSeg66
.abs_section_1803                  1   N/I     0x1803     0x1803   .absSeg67
.abs_section_1809                  1   N/I     0x1809     0x1809   .absSeg68
.abs_section_180a                  1   N/I     0x180A     0x180A   .absSeg69
.abs_section_1816                  1   N/I     0x1816     0x1816   .absSeg70
.abs_section_1817                  1   N/I     0x1817     0x1817   .absSeg71
.abs_section_1818                  1   N/I     0x1818     0x1818   .absSeg72
.abs_section_1820                  1   N/I     0x1820     0x1820   .absSeg73
.abs_section_1821                  1   N/I     0x1821     0x1821   .absSeg74
.abs_section_1823                  1   N/I     0x1823     0x1823   .absSeg75
.abs_section_1824                  1   N/I     0x1824     0x1824   .absSeg76
.abs_section_1825                  1   N/I     0x1825     0x1825   .absSeg77
.abs_section_1826                  1   N/I     0x1826     0x1826   .absSeg78
.abs_section_1840                  1   N/I     0x1840     0x1840   .absSeg79
.abs_section_1841                  1   N/I     0x1841     0x1841   .absSeg80
.abs_section_1842                  1   N/I     0x1842     0x1842   .absSeg81
.abs_section_1844                  1   N/I     0x1844     0x1844   .absSeg82
.abs_section_1845                  1   N/I     0x1845     0x1845   .absSeg83
.abs_section_1846                  1   N/I     0x1846     0x1846   .absSeg84
.abs_section_1848                  1   N/I     0x1848     0x1848   .absSeg85
.abs_section_1849                  1   N/I     0x1849     0x1849   .absSeg86
.abs_section_184a                  1   N/I     0x184A     0x184A   .absSeg87
.abs_section_184c                  1   N/I     0x184C     0x184C   .absSeg88
.abs_section_184d                  1   N/I     0x184D     0x184D   .absSeg89
.abs_section_184e                  1   N/I     0x184E     0x184E   .absSeg90
.abs_section_1850                  1   N/I     0x1850     0x1850   .absSeg91
.abs_section_1851                  1   N/I     0x1851     0x1851   .absSeg92
.abs_section_1852                  1   N/I     0x1852     0x1852   .absSeg93
.abs_section_1858                  1   N/I     0x1858     0x1858   .absSeg94
.abs_section_1859                  1   N/I     0x1859     0x1859   .absSeg95
.abs_section_185a                  1   N/I     0x185A     0x185A   .absSeg96
.abs_section_185c                  1   N/I     0x185C     0x185C   .absSeg97
.abs_section_185d                  1   N/I     0x185D     0x185D   .absSeg98
.abs_section_185e                  1   N/I     0x185E     0x185E   .absSeg99
.abs_section_1860                  1   N/I     0x1860     0x1860   .absSeg100
.abs_section_1861                  1   N/I     0x1861     0x1861   .absSeg101
.abs_section_1862                  1   N/I     0x1862     0x1862   .absSeg102
.abs_section_1868                  1   N/I     0x1868     0x1868   .absSeg103
.abs_section_1869                  1   N/I     0x1869     0x1869   .absSeg104
.abs_section_186a                  1   N/I     0x186A     0x186A   .absSeg105
.abs_section_1870                  1   N/I     0x1870     0x1870   .absSeg106
.abs_section_1871                  1   N/I     0x1871     0x1871   .absSeg107
.abs_section_1872                  1   N/I     0x1872     0x1872   .absSeg108
.abs_section_1880                  1   N/I     0x1880     0x1880   .absSeg109
.abs_section_1881                  1   N/I     0x1881     0x1881   .absSeg110
.abs_section_1882                  1   N/I     0x1882     0x1882   .absSeg111
.abs_section_1883                  1   N/I     0x1883     0x1883   .absSeg112
.abs_section_1884                  1   N/I     0x1884     0x1884   .absSeg113
.abs_section_1885                  1   N/I     0x1885     0x1885   .absSeg114
.abs_section_1886                  1   N/I     0x1886     0x1886   .absSeg115
.abs_section_1887                  1   N/I     0x1887     0x1887   .absSeg116
.abs_section_1888                  1   N/I     0x1888     0x1888   .absSeg117
.abs_section_1889                  1   N/I     0x1889     0x1889   .absSeg118
.abs_section_188a                  1   N/I     0x188A     0x188A   .absSeg119
.abs_section_188b                  1   N/I     0x188B     0x188B   .absSeg120
.abs_section_188d                  1   N/I     0x188D     0x188D   .absSeg121
.abs_section_188e                  1   N/I     0x188E     0x188E   .absSeg122
.abs_section_188f                  1   N/I     0x188F     0x188F   .absSeg123
.abs_section_1890                  1   N/I     0x1890     0x1890   .absSeg124
.abs_section_1891                  1   N/I     0x1891     0x1891   .absSeg125
.abs_section_1892                  1   N/I     0x1892     0x1892   .absSeg126
.abs_section_1893                  1   N/I     0x1893     0x1893   .absSeg127
.abs_section_1894                  1   N/I     0x1894     0x1894   .absSeg128
.abs_section_1895                  1   N/I     0x1895     0x1895   .absSeg129
.abs_section_1896                  1   N/I     0x1896     0x1896   .absSeg130
.abs_section_1897                  1   N/I     0x1897     0x1897   .absSeg131
.abs_section_1898                  1   N/I     0x1898     0x1898   .absSeg132
.abs_section_1899                  1   N/I     0x1899     0x1899   .absSeg133
.abs_section_189a                  1   N/I     0x189A     0x189A   .absSeg134
.abs_section_189b                  1   N/I     0x189B     0x189B   .absSeg135
.abs_section_189c                  1   N/I     0x189C     0x189C   .absSeg136
.abs_section_189d                  1   N/I     0x189D     0x189D   .absSeg137
.abs_section_189e                  1   N/I     0x189E     0x189E   .absSeg138
.abs_section_189f                  1   N/I     0x189F     0x189F   .absSeg139
.abs_section_18a4                  1   N/I     0x18A4     0x18A4   .absSeg140
.abs_section_18a5                  1   N/I     0x18A5     0x18A5   .absSeg141
.abs_section_18a6                  1   N/I     0x18A6     0x18A6   .absSeg142
.abs_section_18a7                  1   N/I     0x18A7     0x18A7   .absSeg143
.abs_section_18a8                  1   N/I     0x18A8     0x18A8   .absSeg144
.abs_section_18a9                  1   N/I     0x18A9     0x18A9   .absSeg145
.abs_section_18aa                  1   N/I     0x18AA     0x18AA   .absSeg146
.abs_section_18ab                  1   N/I     0x18AB     0x18AB   .absSeg147
.abs_section_18ac                  1   N/I     0x18AC     0x18AC   .absSeg148
.abs_section_18b4                  1   N/I     0x18B4     0x18B4   .absSeg149
.abs_section_18b5                  1   N/I     0x18B5     0x18B5   .absSeg150
.abs_section_18b6                  1   N/I     0x18B6     0x18B6   .absSeg151
.abs_section_18b7                  1   N/I     0x18B7     0x18B7   .absSeg152
.abs_section_18b8                  1   N/I     0x18B8     0x18B8   .absSeg153
.abs_section_18b9                  1   N/I     0x18B9     0x18B9   .absSeg154
.abs_section_18ba                  1   N/I     0x18BA     0x18BA   .absSeg155
.abs_section_18bb                  1   N/I     0x18BB     0x18BB   .absSeg156
.abs_section_18bc                  1   N/I     0x18BC     0x18BC   .absSeg157
.abs_section_18bd                  1   N/I     0x18BD     0x18BD   .absSeg158
.abs_section_12                    2   N/I       0x12       0x13   .absSeg159
.abs_section_14                    2   N/I       0x14       0x15   .absSeg160
.abs_section_21                    2   N/I       0x21       0x22   .absSeg161
.abs_section_23                    2   N/I       0x23       0x24   .absSeg162
.abs_section_26                    2   N/I       0x26       0x27   .absSeg163
.abs_section_29                    2   N/I       0x29       0x2A   .absSeg164
.abs_section_2c                    2   N/I       0x2C       0x2D   .absSeg165
.abs_section_2f                    2   N/I       0x2F       0x30   .absSeg166
.abs_section_32                    2   N/I       0x32       0x33   .absSeg167
.abs_section_35                    2   N/I       0x35       0x36   .absSeg168
.abs_section_38                    2   N/I       0x38       0x39   .absSeg169
.abs_section_40                    2   N/I       0x40       0x41   .absSeg170
.abs_section_61                    2   N/I       0x61       0x62   .absSeg171
.abs_section_63                    2   N/I       0x63       0x64   .absSeg172
.abs_section_66                    2   N/I       0x66       0x67   .absSeg173
.abs_section_69                    2   N/I       0x69       0x6A   .absSeg174
.abs_section_1806                  2   N/I     0x1806     0x1807   .absSeg175
.abs_section_1810                  2   N/I     0x1810     0x1811   .absSeg176
.abs_section_1812                  2   N/I     0x1812     0x1813   .absSeg177
.abs_section_1814                  2   N/I     0x1814     0x1815   .absSeg178
.abs_section_18ae                  2   N/I     0x18AE     0x18AF   .absSeg179
.abs_section_18be                  2   N/I     0x18BE     0x18BF   .absSeg180
.abs_section_18a0                  4   N/I     0x18A0     0x18A3   .absSeg181
.abs_section_18b0                  4   N/I     0x18B0     0x18B3   .absSeg182
.abs_section_ffb0                  8   N/I     0xFFB0     0xFFB7   .absSeg183
.abs_section_ffc0                 64     R     0xFFC0     0xFFFF   .absSeg184
.bss                            1423   R/W      0x165      0x6F3   RAM
.common                         1492   R/W      0x6F4      0xCC7   RAM
.stack                           288   R/W      0xCC8      0xDE7   RAM

Summary of section sizes per section type:
READ_ONLY (R):        80D8 (dec:    32984)
READ_WRITE (R/W):      CE8 (dec:     3304)
NO_INIT (N/I):          DB (dec:      219)

*********************************************************************************************
VECTOR-ALLOCATION SECTION
    Address     InitValue   InitFunction
---------------------------------------------------------------------------------------------

*********************************************************************************************
OBJECT-ALLOCATION SECTION
     Name               Module                 Addr   hSize   dSize     Ref    Section   RLIB
---------------------------------------------------------------------------------------------
MODULE:                 -- list.c.o --
- PROCEDURES:
     xListCreate                               24AF      1D      29       2   .text       
     xListPushBack                             24CC      C1     193       2   .text       
     xListPopFront                             258D      90     144       4   .text       
     xListClear                                261D      19      25       1   .text       
     isListEmpty                               2636       D      13       4   .text       
     wListLength                               2643      56      86       4   .text       
     wListBegin                                2699      11      17       2   .text       
     xListFind                                 26AA      72     114       7   .text       
     xListErase                                271C      82     130       5   .text       
     xListSetIterator                          279E      38      56       2   .text       
     xListIteratorIncrement                    27D6      46      70       6   .text       
     xListPushBackByte                         281C      67     103       2   .text       
- VARIABLES:
MODULE:                 -- main.c.o --
- PROCEDURES:
     main                                      2883      10      16       1   .text       
- VARIABLES:
MODULE:                 -- system.c.o --
- PROCEDURES:
     vSystemInit                               2893      4F      79       1   .text       
     vSystemTask                               28E2      2F      47       1   .text       
     vSystemTimer                              2911      19      25       1   .text       
     vSystemQuickReverse                       292A       1       1       1   .text       
     vSystemRestoreDefault                     292B      1B      27       1   .text       
     vSystemRestoreInit                        2946      48      72       1   .text       
     vSystemBatTask                            298E      59      89       1   .text       
     vSystemAccTask                            29E7     1E9     489      21   .text       
     vSystemAccStatus                          2BD0       4       4      21   .text       
     vSystemExternSignalDetectTask             2BD4       A      10       1   .text       
     vSystemApuStatusDetect                    2BDE      3B      59       1   .text       
- VARIABLES:
     STRING.V1.12.1                            24A9       6       6       1   .rodata1    
     pVersion                                   100       2       2       1   .data       
     eSystemAccState                            165       1       1       4   .bss        
     wSystemAccDelayTimer                       166       2       2      15   .bss        
     isSystemInitCompleted                      168       1       1      11   .bss        
     isSystemBatError                           169       1       1       3   .bss        
     xSystemPowerState                          6F4       1       1       8   .common     
     eSystemPowerVoltageState                   6F5       1       1       1   .common     
     SystemBatErrorTimer                        6F6       1       1       5   .common     
MODULE:                 -- RTSHC08.C.o (ansiis.lib) --
- PROCEDURES:
     _PUSH_ARGS_L                              2C19      20      32       2   .text       
     _ENTER_UNARY_L                            2C39      29      41       3   .text       
     _ENTER_BINARY_L                           2C62      16      22       1   .text       
     _ENTER_BINARY_L_RC                        2C78      19      25       1   .text       
     _IDIVMOD                                  2C91      69     105       2   .text       
     _LOR_k_is_k_or_j                          2CFA      1F      31       1   .text       
     _LXOR_k_is_k_xor_j                        2D19      1F      31       1   .text       
     _IMUL_STAR08                              2D38      27      39       4   .text       
     _IDIVU_STAR08                             2D5F       D      13       6   .text       
     _IMODU_STAR08                             2D6C      10      16       9   .text       
     _IDIVU_8                                  2D7C       E      14       2   .text       
     _IMODU_8                                  2D8A      12      18       1   .text       
     _ILSR                                     2D9C       C      12       1   .text       
     _ICMP                                     2DA8      16      22      10   .text       
     _LINC                                     2DBE      16      22       1   .text       
     _LOR                                      2DD4       6       6       3   .text       
     _LXOR_RC                                  2DDA       6       6       1   .text       
     _LLSR                                     2DE0      16      22       2   .text       
     _LLSL                                     2DF6      16      22       3   .text       
     _COPY                                     2E0C      30      48      10   .text       
     _POP32                                    2E3C      1A      26       3   .text       
     _Jump_Table_Addr                          2E56      16      22       5   .text       
     _Jump_Table_Offset                        2E6C      19      25       5   .text       
     _Jump_Table_Header_Addr                   2E85      2F      47       4   .text       
     _Jump_Table_Header_Offset                 2EB4      24      36      23   .text       
     _Search_Table_16_Addr                     2ED8      35      53       1   .text       
     _Search_Table_8_Addr                      2F0D      21      33       3   .text       
     _Search_Table_8_Offset                    2F2E      25      37       5   .text       
- VARIABLES:
MODULE:                 -- STRING.C.o (ansiis.lib) --
- PROCEDURES:
     memcpy                                    2F53      3D      61       5   .text       
- VARIABLES:
MODULE:                 -- MC9S08DZ60.C.o --
- PROCEDURES:
- VARIABLES:
     _PTAD                                        0       1       1      17   .abs_section_0
     _PTADD                                       1       1       1       4   .abs_section_1
     _PTBD                                        2       1       1      37   .abs_section_2
     _PTBDD                                       3       1       1       5   .abs_section_3
     _PTCD                                        4       1       1      17   .abs_section_4
     _PTCDD                                       5       1       1       4   .abs_section_5
     _PTDD                                        6       1       1       7   .abs_section_6
     _PTDDD                                       7       1       1       4   .abs_section_7
     _PTED                                        8       1       1       0   .abs_section_8
     _PTEDD                                       9       1       1       2   .abs_section_9
     _PTFD                                        A       1       1      11   .abs_section_a
     _PTFDD                                       B       1       1       3   .abs_section_b
     _PTGD                                        C       1       1      13   .abs_section_c
     _PTGDD                                       D       1       1       3   .abs_section_d
     _ACMP1SC                                     E       1       1       0   .abs_section_e
     _ACMP2SC                                     F       1       1       0   .abs_section_f
     _ADCSC1                                     10       1       1       3   .abs_section_10
     _ADCSC2                                     11       1       1       1   .abs_section_11
     _ADCCFG                                     16       1       1       1   .abs_section_16
     _APCTL1                                     17       1       1       1   .abs_section_17
     _APCTL2                                     18       1       1       1   .abs_section_18
     _APCTL3                                     19       1       1       1   .abs_section_19
     _IRQSC                                      1C       1       1       0   .abs_section_1c
     _TPM1SC                                     20       1       1       3   .abs_section_20
     _TPM1C0SC                                   25       1       1       0   .abs_section_25
     _TPM1C1SC                                   28       1       1       0   .abs_section_28
     _TPM1C2SC                                   2B       1       1       0   .abs_section_2b
     _TPM1C3SC                                   2E       1       1       1   .abs_section_2e
     _TPM1C4SC                                   31       1       1       1   .abs_section_31
     _TPM1C5SC                                   34       1       1       0   .abs_section_34
     _SCI1C1                                     3A       1       1       1   .abs_section_3a
     _SCI1C2                                     3B       1       1       5   .abs_section_3b
     _SCI1S1                                     3C       1       1       3   .abs_section_3c
     _SCI1S2                                     3D       1       1       0   .abs_section_3d
     _SCI1C3                                     3E       1       1       1   .abs_section_3e
     _SCI1D                                      3F       1       1       3   .abs_section_3f
     _SCI2C1                                     42       1       1       1   .abs_section_42
     _SCI2C2                                     43       1       1       8   .abs_section_43
     _SCI2S1                                     44       1       1       4   .abs_section_44
     _SCI2S2                                     45       1       1       0   .abs_section_45
     _SCI2C3                                     46       1       1       1   .abs_section_46
     _SCI2D                                      47       1       1       4   .abs_section_47
     _MCGC1                                      48       1       1       3   .abs_section_48
     _MCGC2                                      49       1       1       3   .abs_section_49
     _MCGTRM                                     4A       1       1       1   .abs_section_4a
     _MCGSC                                      4B       1       1       7   .abs_section_4b
     _MCGC3                                      4C       1       1       1   .abs_section_4c
     _SPIC1                                      50       1       1       0   .abs_section_50
     _SPIC2                                      51       1       1       0   .abs_section_51
     _SPIBR                                      52       1       1       0   .abs_section_52
     _SPIS                                       53       1       1       0   .abs_section_53
     _SPID                                       55       1       1       0   .abs_section_55
     _IICA                                       58       1       1       1   .abs_section_58
     _IICF                                       59       1       1       4   .abs_section_59
     _IICC1                                      5A       1       1      17   .abs_section_5a
     _IICS                                       5B       1       1      10   .abs_section_5b
     _IICD                                       5C       1       1       3   .abs_section_5c
     _IICC2                                      5D       1       1       0   .abs_section_5d
     _TPM2SC                                     60       1       1       2   .abs_section_60
     _TPM2C0SC                                   65       1       1       1   .abs_section_65
     _TPM2C1SC                                   68       1       1       0   .abs_section_68
     _RTCSC                                      6C       1       1       0   .abs_section_6c
     _RTCCNT                                     6D       1       1       0   .abs_section_6d
     _RTCMOD                                     6E       1       1       0   .abs_section_6e
     _SRS                                      1800       1       1       3   .abs_section_1800
     _SBDFR                                    1801       1       1       0   .abs_section_1801
     _SOPT1                                    1802       1       1       1   .abs_section_1802
     _SOPT2                                    1803       1       1       2   .abs_section_1803
     _SPMSC1                                   1809       1       1       1   .abs_section_1809
     _SPMSC2                                   180A       1       1       1   .abs_section_180a
     _DBGC                                     1816       1       1       0   .abs_section_1816
     _DBGT                                     1817       1       1       0   .abs_section_1817
     _DBGS                                     1818       1       1       0   .abs_section_1818
     _FCDIV                                    1820       1       1       1   .abs_section_1820
     _FOPT                                     1821       1       1       0   .abs_section_1821
     _FCNFG                                    1823       1       1       4   .abs_section_1823
     _FPROT                                    1824       1       1       0   .abs_section_1824
     _FSTAT                                    1825       1       1      12   .abs_section_1825
     _FCMD                                     1826       1       1       2   .abs_section_1826
     _PTAPE                                    1840       1       1       0   .abs_section_1840
     _PTASE                                    1841       1       1       1   .abs_section_1841
     _PTADS                                    1842       1       1       1   .abs_section_1842
     _PTASC                                    1844       1       1       0   .abs_section_1844
     _PTAPS                                    1845       1       1       0   .abs_section_1845
     _PTAES                                    1846       1       1       0   .abs_section_1846
     _PTBPE                                    1848       1       1       1   .abs_section_1848
     _PTBSE                                    1849       1       1       1   .abs_section_1849
     _PTBDS                                    184A       1       1       1   .abs_section_184a
     _PTBSC                                    184C       1       1       6   .abs_section_184c
     _PTBPS                                    184D       1       1       2   .abs_section_184d
     _PTBES                                    184E       1       1      10   .abs_section_184e
     _PTCPE                                    1850       1       1       0   .abs_section_1850
     _PTCSE                                    1851       1       1       1   .abs_section_1851
     _PTCDS                                    1852       1       1       1   .abs_section_1852
     _PTDPE                                    1858       1       1       0   .abs_section_1858
     _PTDSE                                    1859       1       1       1   .abs_section_1859
     _PTDDS                                    185A       1       1       1   .abs_section_185a
     _PTDSC                                    185C       1       1       0   .abs_section_185c
     _PTDPS                                    185D       1       1       0   .abs_section_185d
     _PTDES                                    185E       1       1       0   .abs_section_185e
     _PTEPE                                    1860       1       1       0   .abs_section_1860
     _PTESE                                    1861       1       1       1   .abs_section_1861
     _PTEDS                                    1862       1       1       1   .abs_section_1862
     _PTFPE                                    1868       1       1       0   .abs_section_1868
     _PTFSE                                    1869       1       1       1   .abs_section_1869
     _PTFDS                                    186A       1       1       1   .abs_section_186a
     _PTGPE                                    1870       1       1       0   .abs_section_1870
     _PTGSE                                    1871       1       1       1   .abs_section_1871
     _PTGDS                                    1872       1       1       1   .abs_section_1872
     _CANCTL0                                  1880       1       1       7   .abs_section_1880
     _CANCTL1                                  1881       1       1       3   .abs_section_1881
     _CANBTR0                                  1882       1       1       1   .abs_section_1882
     _CANBTR1                                  1883       1       1       1   .abs_section_1883
     _CANRFLG                                  1884       1       1       1   .abs_section_1884
     _CANRIER                                  1885       1       1       1   .abs_section_1885
     _CANTFLG                                  1886       1       1       4   .abs_section_1886
     _CANTIER                                  1887       1       1       2   .abs_section_1887
     _CANTARQ                                  1888       1       1       1   .abs_section_1888
     _CANTAAK                                  1889       1       1       0   .abs_section_1889
     _CANTBSEL                                 188A       1       1       3   .abs_section_188a
     _CANIDAC                                  188B       1       1       1   .abs_section_188b
     _CANMISC                                  188D       1       1       4   .abs_section_188d
     _CANRXERR                                 188E       1       1       0   .abs_section_188e
     _CANTXERR                                 188F       1       1       0   .abs_section_188f
     _CANIDAR0                                 1890       1       1       1   .abs_section_1890
     _CANIDAR1                                 1891       1       1       1   .abs_section_1891
     _CANIDAR2                                 1892       1       1       1   .abs_section_1892
     _CANIDAR3                                 1893       1       1       1   .abs_section_1893
     _CANIDMR0                                 1894       1       1       1   .abs_section_1894
     _CANIDMR1                                 1895       1       1       1   .abs_section_1895
     _CANIDMR2                                 1896       1       1       1   .abs_section_1896
     _CANIDMR3                                 1897       1       1       1   .abs_section_1897
     _CANIDAR4                                 1898       1       1       1   .abs_section_1898
     _CANIDAR5                                 1899       1       1       1   .abs_section_1899
     _CANIDAR6                                 189A       1       1       1   .abs_section_189a
     _CANIDAR7                                 189B       1       1       1   .abs_section_189b
     _CANIDMR4                                 189C       1       1       1   .abs_section_189c
     _CANIDMR5                                 189D       1       1       1   .abs_section_189d
     _CANIDMR6                                 189E       1       1       1   .abs_section_189e
     _CANIDMR7                                 189F       1       1       1   .abs_section_189f
     _CANRDSR0                                 18A4       1       1       1   .abs_section_18a4
     _CANRDSR1                                 18A5       1       1       1   .abs_section_18a5
     _CANRDSR2                                 18A6       1       1       1   .abs_section_18a6
     _CANRDSR3                                 18A7       1       1       1   .abs_section_18a7
     _CANRDSR4                                 18A8       1       1       1   .abs_section_18a8
     _CANRDSR5                                 18A9       1       1       1   .abs_section_18a9
     _CANRDSR6                                 18AA       1       1       1   .abs_section_18aa
     _CANRDSR7                                 18AB       1       1       1   .abs_section_18ab
     _CANRDLR                                  18AC       1       1       1   .abs_section_18ac
     _CANTDSR0                                 18B4       1       1       1   .abs_section_18b4
     _CANTDSR1                                 18B5       1       1       1   .abs_section_18b5
     _CANTDSR2                                 18B6       1       1       1   .abs_section_18b6
     _CANTDSR3                                 18B7       1       1       1   .abs_section_18b7
     _CANTDSR4                                 18B8       1       1       1   .abs_section_18b8
     _CANTDSR5                                 18B9       1       1       1   .abs_section_18b9
     _CANTDSR6                                 18BA       1       1       1   .abs_section_18ba
     _CANTDSR7                                 18BB       1       1       1   .abs_section_18bb
     _CANTDLR                                  18BC       1       1       1   .abs_section_18bc
     _CANTTBPR                                 18BD       1       1       0   .abs_section_18bd
     _ADCR                                       12       2       2       1   .abs_section_12
     _ADCCV                                      14       2       2       1   .abs_section_14
     _TPM1CNT                                    21       2       2       2   .abs_section_21
     _TPM1MOD                                    23       2       2       1   .abs_section_23
     _TPM1C0V                                    26       2       2       0   .abs_section_26
     _TPM1C1V                                    29       2       2       0   .abs_section_29
     _TPM1C2V                                    2C       2       2       0   .abs_section_2c
     _TPM1C3V                                    2F       2       2       5   .abs_section_2f
     _TPM1C4V                                    32       2       2       5   .abs_section_32
     _TPM1C5V                                    35       2       2       0   .abs_section_35
     _SCI1BD                                     38       2       2       4   .abs_section_38
     _SCI2BD                                     40       2       2       2   .abs_section_40
     _TPM2CNT                                    61       2       2       2   .abs_section_61
     _TPM2MOD                                    63       2       2       3   .abs_section_63
     _TPM2C0V                                    66       2       2       5   .abs_section_66
     _TPM2C1V                                    69       2       2       0   .abs_section_69
     _SDID                                     1806       2       2       0   .abs_section_1806
     _DBGCA                                    1810       2       2       0   .abs_section_1810
     _DBGCB                                    1812       2       2       0   .abs_section_1812
     _DBGF                                     1814       2       2       0   .abs_section_1814
     _CANRTSR                                  18AE       2       2       0   .abs_section_18ae
     _CANTTSR                                  18BE       2       2       0   .abs_section_18be
     _CANRIDR                                  18A0       4       4      17   .abs_section_18a0
     _CANTIDR                                  18B0       4       4       2   .abs_section_18b0
MODULE:                 -- Start08.c.o --
- PROCEDURES:
     loadByte                                  1900       E      14       5   .init       
     Init                                      190E      6D     109       1   .init       
     _Startup                                  197B       9       9       1   .init       
- VARIABLES:
     _startupData                              1984       6       6       4   .startData  
- LABELS:
     __SEG_END_SSTACK                           DE8       0       0       1               
MODULE:                 -- Error.c.o --
- PROCEDURES:
- VARIABLES:
     xErrorRecord                               6F7      1C      28      31   .common     
MODULE:                 -- SoftTimer.c.o --
- PROCEDURES:
     vSoftTimerInit                            2F90       3       3       2   .text       
     vSoftTimerTask                            2F93      6D     109       1   .text       
- VARIABLES:
     SoftTimerSecCount                          16A       1       1       3   .bss        
     SoftTimerMinCount                          16B       1       1       3   .bss        
MODULE:                 -- PortInterrupt.c.o --
- PROCEDURES:
     vPortInterruptInit                        3000       3       3       1   .text       
     INTPort                                   3003       E      14       1   .text       
     vPortInterruptBatInit                     3011      2A      42       1   .text       
- VARIABLES:
MODULE:                 -- Radar.c.o --
- PROCEDURES:
     vRadarInit                                303B       9       9       1   .text       
     vRadarTimer                               3044      13      19       1   .text       
     vCanEpsReadHandle                         3057      77     119       1   .text       
     vCanPasReadHandle                         30CE      8D     141       1   .text       
- VARIABLES:
     RadarEpsDelayTimer                         16C       1       1       5   .bss        
     RadarPasDelayTimer                         16D       1       1       5   .bss        
MODULE:                 -- Display.c.o --
- PROCEDURES:
     vDisplayInit                              315B       3       3       2   .text       
     vDisplayTask                              315E       3       3       1   .text       
     vDisplayReset                             3161       3       3       1   .text       
- VARIABLES:
MODULE:                 -- Tw88xx_Drv.c.o --
- PROCEDURES:
     vTw88xx_DrvInit                           3164      19      25       1   .text       
     vTw88xx_DrvTask                           317D       6       6       1   .text       
     vTw88xx_DrvDelay                          3183      12      18       1   .text       
     vTw88xxCommTask                           3195       3       3       1   .text       
     vTw88xxInitTask                           3198      C4     196       2   .text       
     Tw8836_SwitchChannel                      325C      1D      29       3   .text       
     Tw8836_ChannelCtrlLvds                    3279      31      49       1   .text       
     Tw8836_Reset                              32AA       D      13       1   .text       
     Tw8836_ChannelCtrl360                     32B7      31      49       1   .text       
     getDispInitComplete                       32E8       4       4       2   .text       
- VARIABLES:
     Tw8836_LvdsIn_Para                        1992     268     616       4   .rodata     
     Tw8836_360In_Para                         1BFA     1C8     456       4   .rodata     
     isDispInitComplete                         16E       1       1       3   .bss        
     wTw88xxDelayTimer                          16F       2       2      10   .bss        
     wBLOpenDelayTimer                          171       2       2       1   .bss        
     VideoSubCtl                                713       1       1       7   .common     
MODULE:                 -- ad.c.o --
- PROCEDURES:
     vADInit                                   32EC      1C      28       1   .text       
     ADGetValue                                3308       B      11       1   .text       
     vADConvertStart                           3313      1E      30       1   .text       
- VARIABLES:
     xADChannelTab                             1DC2       6       6       1   .rodata     
MODULE:                 -- Ac.c.o --
- PROCEDURES:
     vAcInit                                   3331      2C      44       1   .text       
     vAcTimer                                  335D      13      19       1   .text       
     vAcTask                                   3370      7D     125       1   .text       
     vAcApuSet                                 33ED     1FD     509      30   .text       
     vCanAcReadHandle                          35EA     18D     397       4   .text       
- VARIABLES:
     rxDataCheck                                173       8       8       2   .bss        
     eAcState                                   17B       1       1       4   .bss        
     wAcCycleTime                               17C       1       1       7   .bss        
     wAcCycleCount                              17D       1       1       6   .bss        
     wAcInitDelayTime                           17E       1       1       5   .bss        
     xAcMessage                                 714       B      11      37   .common     
     xAirConditionInfo                          71F       E      14      32   .common     
MODULE:                 -- AirCondition.c.o --
- PROCEDURES:
     vAirInit                                  3777      29      41       1   .text       
     vAirTimer                                 37A0       A      10       1   .text       
     vAirTask                                  37AA      74     116       1   .text       
     vAirApuSet                                381E     17F     383      16   .text       
- VARIABLES:
     eAirState                                  17F       1       1       4   .bss        
     wAirCycleTime                              180       1       1       9   .bss        
     wAirCycleCount                             181       1       1       7   .bss        
     xAirMessage                                72D       B      11      18   .common     
MODULE:                 -- Avm.c.o --
- PROCEDURES:
     vAvmInit                                  399D      2F      47       1   .text       
     vAvmTimer                                 39CC      13      19       1   .text       
     vAvmTask                                  39DF      3F      63       1   .text       
     vCanAvmReadHandle                         3A1E      88     136       1   .text       
     vAvmApuSet                                3AA6      8D     141       1   .text       
- VARIABLES:
     isAvmExistance                             182       1       1       3   .bss        
     isAvmOn                                    183       1       1       5   .bss        
     eAvmState                                  184       1       1       4   .bss        
     eAvmDisplayReq                             185       1       1       3   .bss        
     wAvmRxCycleTime                            186       1       1       5   .bss        
     wAvmCycleTime                              187       1       1       6   .bss        
     xAvmMessage                                738       B      11      17   .common     
MODULE:                 -- Bcm.c.o --
- PROCEDURES:
     vBcmInit                                  3B33      5F      95       1   .text       
     vBcmTimer                                 3B92      1C      28       1   .text       
     vBcmTimerMS                               3BAE       A      10       1   .text       
     vBcmTask                                  3BB8      65     101       1   .text       
     vReverseTask                              3C1D      31      49       1   .text       
     vHomeLightTask                            3C4E      B0     176       2   .text       
     vCanBcm4A0ReadHandle                      3CFE      7B     123       1   .text       
     vBcmHomeLightCtrl                         3D79      1C      28       1   .text       
     vCanBcm5B0ReadHandle                      3D95      51      81       1   .text       
     vCanBcm620ReadHandle                      3DE6      5C      92       1   .text       
     vCanBcm660ReadHandle                      3E42      D6     214       2   .text       
     vBcmApuSurSet                             3F18      20      32       1   .text       
     vBcmApuTrunkSet                           3F38      1D      29       1   .text       
     vBcmTxApuSurState                         3F55      11      17       1   .text       
     vBcmTxApuTrunkState                       3F66      11      17       1   .text       
- VARIABLES:
     rearRefrost                                188       1       1       3   .bss        
     trunkSwitch                                189       1       1       3   .bss        
     trunkMovement                              18A       1       1       3   .bss        
     wReverseDelayTime                          18B       1       1       6   .bss        
     wReverseRxDelayTime                        18C       1       1       5   .bss        
     wBcmCycleTime                              18D       1       1       7   .bss        
     wBcmCycleCount                             18E       1       1       6   .bss        
     wBcmLightCycleTime                         18F       1       1       6   .bss        
     xBcmInfo                                   743      1A      26      65   .common     
MODULE:                 -- ApuDriver.c.o --
- PROCEDURES:
     vApuDrvPortInit                           3F77       D      13       1   .text       
     vApuDrvInit                               3F84      58      88       1   .text       
     vApuDrvTask                               3FDC       6       6       1   .text       
     vApuDrvTimer                              3FE2      3E      62       1   .text       
     pApuDrvRead                               4020      1D      29       1   .text       
     vApuDrvWrite                              403D     169     361       5   .text       
     vApuDrvWriteTask                          41A6     2B2     690      21   .text       
     vApuDrvReadTask                           4458      17      23       1   .text       
     blApuDrvFindFrame                         446F     205     517      17   .text       
     blApuDrvCheckParity                       4674      96     150       1   .text       
     vApuDrvResponseAck                        470A      17      23       3   .text       
- VARIABLES:
     xApuDrvWriteList                           190       B      11       8   .bss        
     xApuDrvReadList                            19B       B      11      31   .bss        
     xApuDrvReadResponseFlag                    1A6       2       2       7   .bss        
     ApuDrvWriteBuff                            1A8     12C     300       1   .bss        
     ApuDrvReadBuff                             2D4      FF     255       1   .bss        
     ApuDrvWriteMessage                         3D3      FF     255      30   .bss        
     ApuDrvReadMessage                          4D2      89     137       7   .bss        
     ApuDrvWriteResponse                        55B       4       4       5   .bss        
     isApuDrvReadMeassageOk                     55F       1       1       5   .bss        
     ApuDrvWriteResponseCounter                 560       1       1       4   .bss        
     ApuDrvReadTimeoutTimer                     561       1       1       7   .bss        
     ApuDrvReWriteDelayTimer                    562       1       1       6   .bss        
     ApuDrvReWriteCounter                       563       1       1       6   .bss        
     ApuDrvSequenceNo                           564       1       1       3   .bss        
MODULE:                 -- can.c.o --
- PROCEDURES:
     vCanTask                                  4721       3       3       1   .text       
     vCanTaskInit                              4724      11      17       1   .text       
     vCanTimer                                 4735       A      10       1   .text       
     vCanInit                                  473F      CD     205       3   .text       
     vCanWrite                                 480C      72     114       4   .text       
     pxCanRead                                 487E      35      53       1   .text       
     isCanBusOff                               48B3      11      17       2   .text       
     INTCanTx                                  48C4       B      11       1   .text       
     INTCanRx                                  48CF     191     401      15   .text       
     INTCanErr                                 4A60       7       7       1   .text       
     INTCanWu                                  4A67       1       1       1   .text       
     vCanBusoffTask                            4A68      7B     123       1   .text       
- VARIABLES:
     WritePriority                              565       1       1       1   .bss        
     xCanReadBuff                               566      DE     222      23   .bss        
     xCanBusOffState                            644       1       1       4   .bss        
     CanBusoffRecoveryTimer                     645       1       1       6   .bss        
     CanBusoffRecoveryCounter                   646       1       1       4   .bss        
     isCanBusoffRecovery                        647       1       1       4   .bss        
MODULE:                 -- eeprom.c.o --
- PROCEDURES:
     vEepromInit                               4AE3      10      16       1   .text       
     xEepromWriteNByte                         4AF3     1E6     486       9   .text       
     xEepromReadNByte                          4CD9      66     102       4   .text       
     xEepromErase                              4D3F      4C      76       3   .text       
     xEepromWriteBurst                         4D8B      D6     214       4   .text       
- VARIABLES:
MODULE:                 -- hdinit.c.o --
- PROCEDURES:
     vHdInit                                   4E61      72     114       2   .text       
     HdinitApuPowerOn                          4ED3      1D      29       1   .text       
- VARIABLES:
MODULE:                 -- iic.c.o --
- PROCEDURES:
     vIICInit                                  4EF0      15      21       1   .text       
     vIICAddrInit                              4F05       7       7       1   .text       
     vIICTimer                                 4F0C       3       3       1   .text       
     vIICMonitor                               4F0F       1       1       1   .text       
     vIICStart                                 4F10      3F      63       3   .text       
     vIICSend8Bit                              4F4F      3D      61       6   .text       
     vIICRead8Bit                              4F8C      38      56       1   .text       
     ReadI2C                                   4FC4      3E      62      16   .text       
     blIICWrite                                5002      32      50       1   .text       
     tw8836I2CWrite                            5034       3       3      58   .text       
     WriteTW88Page                             5037       5       5      12   .text       
     ReadTW88Page                              503C       E      14       1   .text       
- VARIABLES:
     iicADDR_W                                  102       1       1       3   .data       
     iicADDR_R                                  103       1       1       2   .data       
MODULE:                 -- Pwm.c.o --
- PROCEDURES:
     vPwmInit                                  504A      21      33       1   .text       
     vPwmStart                                 506B       8       8       2   .text       
     vPwmMonitorControl                        5073      21      33      10   .text       
     vPwmLightControl                          5094      10      16       1   .text       
     vPwmSpeedControl                          50A4      3C      60       2   .text       
     IOBLcdControl                             50E0       D      13       9   .text       
- VARIABLES:
     xTimerMonitorBrightnessTab                 104      2A      42       1   .data       
MODULE:                 -- TDF85xx.c.o --
- PROCEDURES:
     vTDF85xxStbyEnable                        50ED       D      13       1   .text       
     vTDF85xxMuteHardware                      50FA       D      13       1   .text       
- VARIABLES:
MODULE:                 -- Timer.c.o --
- PROCEDURES:
     vTimerInit                                5107       C      12       1   .text       
     vTimerStart                               5113       8       8       1   .text       
     vINTTimer                                 511B      3A      58       1   .text       
- VARIABLES:
     Timer10msCounter                           648       1       1       3   .bss        
     Timer1msCounter                            649       1       1       3   .bss        
     TimerRevCounter                            64A       1       1       3   .bss        
MODULE:                 -- uart.c.o --
- PROCEDURES:
     vUart1Init                                5155      1D      29       1   .text       
     vUart1Stop                                5172       C      12       1   .text       
     INTUart1Tx                                517E      26      38       1   .text       
     INTUart1Rx                                51A4       D      13       1   .text       
     INTUart1Error                             51B1       B      11       1   .text       
     vUart2Init                                51BC      10      16       1   .text       
     vUart2Start                               51CC       F      15       1   .text       
     vUart2Stop                                51DB       C      12       1   .text       
     blUart2Write                              51E7      3E      62       3   .text       
     isUart2WriteBusy                          5225      22      34       1   .text       
     INTUart2Tx                                5247      26      38       1   .text       
     INTUart2Rx                                526D      15      21       1   .text       
     INTUart2Error                             5282       B      11       1   .text       
     vUartTimer                                528D      13      19       1   .text       
- VARIABLES:
     pxUart1RxList                              64B       2       2       1   .bss        
     Uart1Length                                64D       1       1       2   .bss        
     Uart1Counter                               64E       1       1       3   .bss        
     pxUart2RxList                              64F       2       2       2   .bss        
     Uart2Length                                651       1       1       7   .bss        
     Uart2Counter                               652       1       1       9   .bss        
     pUart1Buff                                 653       2       2       2   .bss        
     Uart1TxTimeoutTimer                        655       1       1       2   .bss        
     pUart2Buff                                 656       2       2       3   .bss        
     Uart2TxTimeoutTimer                        658       1       1       5   .bss        
MODULE:                 -- Apu.c.o --
- PROCEDURES:
     vApuInit                                  52A0      2A      42       2   .text       
     vApuTask                                  52CA       9       9       1   .text       
     vApuTimer                                 52D3      9F     159       1   .text       
     vApuTimerSecond                           5372      23      35       1   .text       
     vApuTimerMinute                           5395      16      22       1   .text       
     vApuWrite                                 53AB      12      18      40   .text       
     isApuInit                                 53BD       4       4       1   .text       
     isApuUpdate                               53C1       4       4       1   .text       
     vApuInfoHandle                            53C5      D8     216       1   .text       
     vApuInitTask                              549D     1CD     461      22   .text       
     vApuCommandHandle                         566A      B8     184       1   .text       
     vApuSysInfoHandle                         5722      62      98       1   .text       
     vApuSettingHandle                         5784      64     100       1   .text       
     vApuTimeDataHandle                        57E8      33      51       1   .text       
     vApuMediaInfoHandle                       581B       B      11       1   .text       
     vApuCanControlHandle                      5826      59      89       1   .text       
     vApuDeviceStatusHandle                    587F       1       1       1   .text       
     vApuMcuUpdateHandle                       5880      2F      47       1   .text       
     vApuMcuUpdateCmd                          58AF      10      16       1   .text       
     vApuWatchDogFeed                          58BF       7       7       3   .text       
     vApuWatchDogEnable                        58C6       4       4       3   .text       
- VARIABLES:
     eApuInitState                              12E       1       1       9   .data       
     ApuWatchDogTimer                           12F       2       2       4   .data       
     isMonitorOn                                659       1       1      11   .bss        
     isApuInitComplete                          65A       1       1       4   .bss        
     isApuUpdateStart                           65B       1       1       5   .bss        
     ApuInitResetRetry                          65C       1       1       4   .bss        
     ApuInitAwakeRetry                          65D       1       1       3   .bss        
     ApuDelayMsTimer                            65E       1       1      16   .bss        
     ApuDelaySecTimer                           65F       1       1       9   .bss        
     ApuDelaySecCount                           660       1       1       6   .bss        
     ApuDelayMonitorOnTimer                     661       1       1       1   .bss        
     isApuOsReady                               662       1       1       3   .bss        
     isApuMcuUpdate                             663       1       1       3   .bss        
     ApuMcuUpdateTimeoutTimer                   664       1       1       4   .bss        
     ApuOsUpdateRestartTimer                    665       1       1       5   .bss        
     ApuOsUpdateTimeoutTimer                    666       1       1       5   .bss        
     ApuUsbCtlDelayTimer                        667       1       1       5   .bss        
     txPowerCount                               668       1       1       3   .bss        
     isApuWatchDogEnable                        669       1       1       3   .bss        
     NVBACKKEY                                 FFB0       8       8       8   .abs_section_ffb0
     xApuSetting                                75D       D      13      12   .common     
     xApuwDeviceStatus                          76A       4       4      30   .common     
     eApuwMcuOsUpdate                           76E       1       1       5   .common     
MODULE:                 -- CanApp.c.o --
- PROCEDURES:
     vCanAppTask                               58CA      18      24       1   .text       
     vCanAppInit                               58E2      18      24       2   .text       
     vCanAppTimer                              58FA      2F      47       1   .text       
     blCanAppWrite                             5929      27      39       7   .text       
     SetCanAppDelayTimer                       5950       4       4       2   .text       
     vCanAppReadHandle                         5954     130     304       1   .text       
     vCanDtcTask                               5A84      A1     161       2   .text       
     vCanDtcStop                               5B25      25      37       1   .text       
- VARIABLES:
     CanAppDTCCycle                             131       3       3       2   .data       
     CanAppDelayTimer                           66A       1       1       4   .bss        
     xCanAppDTCInfo                             66B       C      12      26   .bss        
MODULE:                 -- Key.c.o --
- PROCEDURES:
     vKeyInit                                  5B4A      12      18       2   .text       
     vKeyTask                                  5B5C     220     544      19   .text       
     vKeyTimer                                 5D7C      19      25       1   .text       
     vKeyScan                                  5D95     1C7     455      12   .text       
     vKeyEncodeScan                            5F5C      8D     141       1   .text       
     KeyGetNumber                              5FE9      59      89       4   .text       
- VARIABLES:
     KeyCh0Tab                                  134       4       4       1   .data       
     KeyCh1Tab                                  138       A      10       1   .data       
     KeyCh2Tab                                  142      10      16       1   .data       
     KeyCh3Tab                                  152       4       4       1   .data       
     pKeyChTab                                  156       C      12       4   .data       
     KeyCh4Tab                                  677       2       2       1   .bss        
     KeyCh5Tab                                  679       2       2       1   .bss        
     PressedChannel.1                           67B       1       1       5   .bss        
     eKeyTemp.2                                 67C       1       1      10   .bss        
     TuneSignal.6                               67D       1       1       5   .bss        
     TuneSignalBak.7                            67E       1       1       3   .bss        
     eKeyScanState                              67F       1       1       4   .bss        
     xKeyFilter                                 680      1E      30      33   .bss        
     eKey                                       69E       1       1      10   .bss        
     wKeyDelayTimer                             69F       2       2       8   .bss        
     KeyScanTimer                               6A1       1       1       6   .bss        
     xTuneEncodeFilter.3                        6A2       5       5       6   .bss        
MODULE:                 -- MCUinit.c.o --
- PROCEDURES:
     MCU_init                                  6042      89     137       1   .text       
- VARIABLES:
     _vect                                     FFC0      40      64       0   .abs_section_ffc0
MODULE:                 -- common.c.o --
- PROCEDURES:
     vCommonInit                               60CB       5       5       2   .text       
     Delay                                     60D0      1C      28      14   .text       
     blWaitSignalOk                            60EC      35      53      13   .text       
     GetFilterSignal                           6121      36      54       2   .text       
     vResetMcuJumpBoot                         6157       4       4       1   .text       
     vResetMcuJumpBgnd                         615B      18      24       3   .text       
- VARIABLES:
     isHardwareInitCompleted                    6A7       1       1      12   .bss        
     xSystemDate                                76F       3       3       7   .common     
     xSystemWatchTime                           772       3       3       6   .common     
MODULE:                 -- Gps.c.o --
- PROCEDURES:
     vGpsInit                                  6173      25      37       1   .text       
     vGpsTimer                                 6198       A      10       1   .text       
     vGpsTask                                  61A2      72     114       1   .text       
     vGpsApuSet                                6214      54      84       1   .text       
- VARIABLES:
     eGpsState                                  6A8       1       1       4   .bss        
     wGpsCycleTime                              6A9       1       1       6   .bss        
     xGpsMessage                                775       B      11       5   .common     
MODULE:                 -- Amp.c.o --
- PROCEDURES:
     vAmpStbyEnable                            6268       3       3       1   .text       
     vAmpMuteHardware                          626B       3       3      10   .text       
- VARIABLES:
MODULE:                 -- NetworkManager.c.o --
- PROCEDURES:
     vNMTask                                   626E      8A     138       1   .text       
     vNMTaskInit                               62F8      40      64       2   .text       
     vNMTimer                                  6338      66     102       1   .text       
     vNMTaskAwake                              639E      49      73       2   .text       
     isNMAppActived                            63E7       4       4       1   .text       
     vNMMessageHandle                          63EB     20B     523      16   .text       
     vNMSleepAllow                             65F6       7       7       2   .text       
     isNMSleep                                 65FD       4       4       3   .text       
     vNMBusoff                                 6601      24      36       2   .text       
     vNMBusoffRecovery                         6625      2B      43       1   .text       
     vNMInit                                   6650      72     114       1   .text       
     vNMInitConfig                             66C2       A      10       1   .text       
     vNMInitReset                              66CC      32      50       1   .text       
     vNMWriteMessage                           66FE      54      84       6   .text       
     vNMRxMessageConvert                       6752      39      57       1   .text       
     vNMWriteOkHandle                          678B      7D     125       1   .text       
     vNMNormalHandle                           6808      8B     139       1   .text       
     vNMLimpHomeHandle                         6893      6E     110       1   .text       
     vNMPreSleepHandle                         6901      9A     154       1   .text       
- VARIABLES:
     xNMInfo                                    780      22      34     251   .common     
MODULE:                 -- DiagAppLayer.c.o --
- PROCEDURES:
     vDiagAppTask                              699B      1D      29       1   .text       
     vDiagAppTaskInit                          69B8      40      64       2   .text       
     vDiagAppTxVinTask                         69F8      23      35       1   .text       
     vDiagAppTimer                             6A1B      3E      62       1   .text       
     isDiagAppCanAppTx                         6A59       E      14       1   .text       
     isDiagAppCanAppRx                         6A67       C      12       1   .text       
     isDiagAppCanNMTx                          6A73       E      14       1   .text       
     isDiagAppCanNmRx                          6A81       C      12       1   .text       
     isDiagAppDtcOn                            6A8D       4       4       1   .text       
     isDiagAppIOIllume                         6A91       4       4       3   .text       
     isDiagAppIOSpeed                          6A95       4       4       1   .text       
     vDiagAppWriteTask                         6A99      50      80       1   .text       
     vDiagAppReadTask                          6AE9     6AE    1710      36   .text       
     vDiagAppSubTask                           7197      41      65       1   .text       
     vDiagAppPositiveResponse                  71D8      BF     191      22   .text       
     vDiagAppNegativeResponse                  7297      41      65       6   .text       
     vDiagAppWrite                             72D8      10      16       4   .text       
     vDiagAppSessionEnter                      72E8      4D      77       3   .text       
     vDiagAppEcuRest                           7335       2       2       1   .text       
     DiagAppSecurityAccessCalc                 7337      5C      92       1   .text       
     vDiagAppReadDataByID                      7393     52E    1326     106   .text       
     vDiagAppWriteDataByID                     78C1     154     340       5   .text       
     vDiagAppDTCReport                         7A15      A6     166       2   .text       
     vDiagAppInputOutputControl                7ABB     191     401       2   .text       
- VARIABLES:
     DiagAppHWVersion                          1DC8       5       5       1   .rodata     
     DiagAppSWVersion                          1DCD       5       5       1   .rodata     
     DiagAppProgrammingDate                    1DD2       7       7       1   .rodata     
     DiagAppActiveInfo                         1DD9       3       3       1   .rodata     
     DiagAppPartNumber                         1DDC       9       9       1   .rodata     
     DiagAppSystemSupplierID                   1DE5       A      10       1   .rodata     
     DiagAppECUSerialNumber                    1DEF      10      16       1   .rodata     
     DiagAppSystemName                         1DFF       9       9       1   .rodata     
     DiagAppVIN                                 6AA      11      17       4   .bss        
     DiagAppConfig                              6BB       4       4       2   .bss        
     xDiagAppInfo                               7A2     23E     574     380   .common     
MODULE:                 -- DiagDTC.c.o --
- PROCEDURES:
     vDiagDTCInit                              7C4C      77     119       1   .text       
     vDiagDTCTimer                             7CC3      1C      28       1   .text       
     vDiagDTC                                  7CDF      82     130       7   .text       
     blDiagDTCClear                            7D61      30      48       1   .text       
     getDiagDTCNum                             7D91      29      41       1   .text       
     getDiagDTC                                7DBA      6E     110       1   .text       
     getDiagAllDTC                             7E28      E4     228       2   .text       
     vDiagDTCConfirmWrite                      7F0C      30      48       2   .text       
     vDiagDTCStatusReadAll                     7F3C      45      69       1   .text       
- VARIABLES:
     DiagDTCInit                               1E08      18      24       3   .rodata     
     xDiagDTCInfo                               6BF      24      36      46   .bss        
MODULE:                 -- DiagNetLayer.c.o --
- PROCEDURES:
     vDiagNetTask                              7F81       6       6       1   .text       
     vDiagNetTaskInit                          7F87      34      52       1   .text       
     vDiagNetTimer                             7FBB      5A      90       1   .text       
     vDiagNetWrite                             8015      1A      26       1   .text       
     pxDiagNetRead                             802F      10      16       1   .text       
     vDiagNetMessageHandle                     803F     24A     586      13   .text       
     vDiagNetWriteTask                         8289     15B     347       5   .text       
     vDiagNetReadTask                          83E4       1       1       1   .text       
     vDiagNetWriteFlowControl                  83E5      3A      58       1   .text       
- VARIABLES:
[...]
 |     |  |  |  |        |  
 |     |  |  |  |        +- _LLSR               
 |     |  |  |  |           | 
 |     |  |  |  |           +- _ENTER_UNARY_L       (see above)
 |     |  |  |  |              
 |     |  |  |  +- ShowLogEpsRight     
 |     |  |  |  |  | 
 |     |  |  |  |  +- MovingGrid           (see above)
 |     |  |  |  |     
 |     |  |  |  +- _IDIVU_8            
 |     |  |  |     | 
 |     |  |  |     +- _IDIVU_STAR08        (see above)
 |     |  |  |        
 |     |  |  +- vCanPasReadHandle   
 |     |  |  |  | 
 |     |  |  |  +- vSystemAccStatus     (see above)
 |     |  |  |  |  
 |     |  |  |  +- ShowLogPas          
 |     |  |  |     | 
 |     |  |  |     +- MovingGrid           (see above)
 |     |  |  |     |  
 |     |  |  |     +- SpiOsdEnable        
 |     |  |  |        | 
 |     |  |  |        +- WriteTW88Page        (see above)
 |     |  |  |        |  
 |     |  |  |        +- ReadI2C              (see above)
 |     |  |  |        |  
 |     |  |  |        +- tw8836I2CWrite       (see above)
 |     |  |  |           
 |     |  |  +- vDiagNetMessageHandle
 |     |  |  |  | 
 |     |  |  |  +- _Search_Table_8_Addr
 |     |  |  |  |    
 |     |  |  |  +- vDiagNetWriteFlowControl
 |     |  |  |     | 
 |     |  |  |     +- vCanWrite            (see above)
 |     |  |  |        
 |     |  |  +- vInsMessageHandle   
 |     |  |     | 
 |     |  |     +- vInsWriteAbort       (see above)
 |     |  |        
 |     |  +- vAvmTask            
 |     |  |  | 
 |     |  |  +- Tw8836_SwitchChannel
 |     |  |     | 
 |     |  |     +- _Jump_Table_Header_Offset (see above)
 |     |  |        
 |     |  +- vBcmTask            
 |     |  |  | 
 |     |  |  +- vReverseTask        
 |     |  |  |  | 
 |     |  |  |  +- _Jump_Table_Header_Offset (see above)
 |     |  |  |  |  
 |     |  |  |  +- Tw8836_SwitchChannel (see above)
 |     |  |  |     
 |     |  |  +- vHomeLightTask      
 |     |  |  |  | 
 |     |  |  |  +- vPwmLightControl    
 |     |  |  |       
 |     |  |  +- _Jump_Table_Header_Offset (see above)
 |     |  |  |  
 |     |  |  +- blCanAppWrite        (see above)
 |     |  |     
 |     |  +- vAcTask             
 |     |  |  | 
 |     |  |  +- _Jump_Table_Header_Offset (see above)
 |     |  |  |  
 |     |  |  +- blCanAppWrite        (see above)
 |     |  |     
 |     |  +- vAirTask            
 |     |  |  | 
 |     |  |  +- _Jump_Table_Header_Offset (see above)
 |     |  |  |  
 |     |  |  +- blCanAppWrite        (see above)
 |     |  |     
 |     |  +- vGpsTask            
 |     |  |  | 
 |     |  |  +- _Jump_Table_Header_Offset (see above)
 |     |  |  |  
 |     |  |  +- blCanAppWrite        (see above)
 |     |  |     
 |     |  +- vCanDtcTask         
 |     |     | 
 |     |     +- vSystemAccStatus     (see above)
 |     |     |  
 |     |     +- isCanBusOff          (see above)
 |     |     |  
 |     |     +- vCanDtcStop         
 |     |     |    
 |     |     +- vDiagDTC             (see above)
 |     |        
 |     +- vSystemAccTask      
 |     |  | 
 |     |  +- vSystemBatTask      
 |     |  |  | 
 |     |  |  +- vAmpMuteHardware     (see above)
 |     |  |  |  
 |     |  |  +- IOBLcdControl        (see above)
 |     |  |  |  
 |     |  |  +- vPwmMonitorControl   (see above)
 |     |  |  |  
 |     |  |  +- vDiagDTC             (see above)
 |     |  |  |  
 |     |  |  +- vDisplayReset       
 |     |  |     | 
 |     |  |     +- Tw8836_Reset        
 |     |  |          
 |     |  +- _Jump_Table_Header_Addr (see above)
 |     |  |  
 |     |  +- isApuUpdate         
 |     |  |    
 |     |  +- vApuWrite            (see above)
 |     |  |  
 |     |  +- vAmpMuteHardware     (see above)
 |     |  |  
 |     |  +- IOBLcdControl        (see above)
 |     |  |  
 |     |  +- vNMSleepAllow       
 |     |  |    
 |     |  +- isNMSleep           
 |     |  |    
 |     |  +- vNMTaskAwake        
 |     |  |    
 |     |  +- vApuWatchDogFeed     (see above)
 |     |  |  
 |     |  +- vPwmMonitorControl   (see above)
 |     |  |  
 |     |  +- vUart1Stop          
 |     |  |    
 |     |  +- vUart2Stop          
 |     |  |    
 |     |  +- vSystemRestoreInit  
 |     |     | 
 |     |     +- vCommonInit          (see above)
 |     |     |  
 |     |     +- vHdInit              (see above)
 |     |     |  
 |     |     +- vSoftTimerInit       (see above)
 |     |     |  
 |     |     +- vKeyInit             (see above)
 |     |     |  
 |     |     +- vApuInit             (see above)
 |     |     |  
 |     |     +- vInsAppTaskInit      (see above)
 |     |     |  
 |     |     +- vPwmStart            (see above)
 |     |     |  
 |     |     +- vCanAppInit          (see above)
 |     |     |  
 |     |     +- vDisplayInit         (see above)
 |     |     |  
 |     |     +- vPwmMonitorControl   (see above)
 |     |     |  
 |     |     +- vDiagAppTaskInit     (see above)
 |     |     |  
 |     |     +- vNMTaskInit          (see above)
 |     |        
 |     +- vKeyTask            
 |     |  | 
 |     |  +- vSystemAccStatus     (see above)
 |     |  |  
 |     |  +- vKeyEncodeScan      
 |     |  |  | 
 |     |  |  +- GetFilterSignal     
 |     |  |       
 |     |  +- vKeyScan            
 |     |  |  | 
 |     |  |  +- KeyGetNumber        
 |     |  |  |  | 
 |     |  |  |  +- ADGetValue          
 |     |  |  |     | 
 |     |  |  |     +- vADConvertStart     
 |     |  |  |        | 
 |     |  |  |        +- blWaitSignalOk       (see above)
 |     |  |  |           
 |     |  |  +- _Jump_Table_Header_Addr (see above)
 |     |  |  |  
 |     |  |  +- _Search_Table_8_Offset (see above)
 |     |  |  |  
 |     |  |  +- _Jump_Table_Offset   (see above)
 |     |  |  |  
 |     |  |  +- GetFilterSignal      (see above)
 |     |  |     
 |     |  +- _Jump_Table_Offset   (see above)
 |     |  |  
 |     |  +- _Jump_Table_Addr     (see above)
 |     |  |  
 |     |  +- _Search_Table_8_Addr (see above)
 |     |  |  
 |     |  +- vResetMcuJumpBgnd    (see above)
 |     |  |  
 |     |  +- vApuWrite            (see above)
 |     |     
 |     +- vDisplayTask        
 |     |  | 
 |     |  +- vTw88xx_DrvTask     
 |     |     | 
 |     |     +- vTw88xxCommTask     
 |     |     |  | 
 |     |     |  +- vTwOsdTask          
 |     |     |       
 |     |     +- vTw88xxInitTask     
 |     |        | 
 |     |        +- vSystemAccStatus     (see above)
 |     |        |  
 |     |        +- _Jump_Table_Header_Offset (see above)
 |     |        |  
 |     |        +- vPwmMonitorControl   (see above)
 |     |        |  
 |     |        +- Tw8836_ChannelCtrl360
 |     |        |  | 
 |     |        |  +- tw8836I2CWrite       (see above)
 |     |        |     
 |     |        +- Delay                (see above)
 |     |        |  
 |     |        +- SpiOsdEnable         (see above)
 |     |        |  
 |     |        +- vTwOsdStateSet      
 |     |        |    
 |     |        +- InitSystem          
 |     |        |  | 
 |     |        |  +- SOsd_init           
 |     |        |  |    
 |     |        |  +- SOsd_CleanReg       
 |     |        |  |    
 |     |        |  +- SOsd_CleanLut       
 |     |        |  |    
 |     |        |  +- SOsd_CleanRlc       
 |     |        |  |    
 |     |        |  +- SOsd_UpdateReg      
 |     |        |  |  | 
 |     |        |  |  +- tw8836I2CWrite       (see above)
 |     |        |  |     
 |     |        |  +- vTwOsdStateSet       (see above)
 |     |        |  |  
 |     |        |  +- InitLogoRev         
 |     |        |  |  | 
 |     |        |  |  +- SpiOsdEnable         (see above)
 |     |        |  |  |  
 |     |        |  |  +- ImageRevInit        
 |     |        |  |     | 
 |     |        |  |     +- SpiOsdWinBufferMem_Nobuff (see above)
 |     |        |  |     |  
 |     |        |  |     +- SpiOsdWinBufferSizeXY
 |     |        |  |     |  | 
 |     |        |  |     |  +- WriteTW88Page        (see above)
 |     |        |  |     |  |  
 |     |        |  |     |  +- tw8836I2CWrite       (see above)
 |     |        |  |     |     
 |     |        |  |     +- SpiOsdWinScreen_Nobuff
 |     |        |  |     |  | 
 |     |        |  |     |  +- WriteTW88Page        (see above)
 |     |        |  |     |  |  
 |     |        |  |     |  +- tw8836I2CWrite       (see above)
 |     |        |  |     |     
 |     |        |  |     +- SpiOsdWinLutOffset_DMA
 |     |        |  |     |  | 
 |     |        |  |     |  +- tw8836I2CWrite       (see above)
 |     |        |  |     |     
 |     |        |  |     +- WaitVBlank           (see above)
 |     |        |  |     |  
 |     |        |  |     +- SpiOsdLoadLUT_AB    
 |     |        |  |     |  | 
 |     |        |  |     |  +- WriteTW88Page        (see above)
 |     |        |  |     |  |  
 |     |        |  |     |  +- tw8836I2CWrite       (see above)
 |     |        |  |     |  |  
 |     |        |  |     |  +- ReadI2C              (see above)
 |     |        |  |     |  |  
 |     |        |  |     |  +- _ILSR               
 |     |        |  |     |       
 |     |        |  |     +- SpiOsdWin_Rle       
 |     |        |  |     |  | 
 |     |        |  |     |  +- WriteTW88Page        (see above)
 |     |        |  |     |  |  
 |     |        |  |     |  +- tw8836I2CWrite       (see above)
 |     |        |  |     |     
 |     |        |  |     +- SpiOsdWinEnable_DMA 
 |     |        |  |     |  | 
 |     |        |  |     |  +- WriteTW88Page        (see above)
 |     |        |  |     |  |  
 |     |        |  |     |  +- ReadI2C              (see above)
 |     |        |  |     |  |  
 |     |        |  |     |  +- tw8836I2CWrite       (see above)
 |     |        |  |     |     
 |     |        |  |     +- SpiOsdWinPixelAlpha_Nobuff
 |     |        |  |     |  | 
 |     |        |  |     |  +- ReadI2C              (see above)
 |     |        |  |     |  |  
 |     |        |  |     |  +- tw8836I2CWrite       (see above)
 |     |        |  |     |     
 |     |        |  |     +- SpiOsdPixelAlphaAttr_Nobuff
 |     |        |  |        | 
 |     |        |  |        +- WriteTW88Page        (see above)
 |     |        |  |        |  
 |     |        |  |        +- tw8836I2CWrite       (see above)
 |     |        |  |        |  
 |     |        |  |        +- ReadI2C              (see above)
 |     |        |  |           
 |     |        |  +- InitLogoLvds        
 |     |        |     | 
 |     |        |     +- SpiOsdEnable         (see above)
 |     |        |     |  
 |     |        |     +- ImageLvdsInit       
 |     |        |     |  | 
 |     |        |     |  +- SpiOsdWinBufferMem_Nobuff (see above)
 |     |        |     |  |  
 |     |        |     |  +- SpiOsdWinBufferSizeXY (see above)
 |     |        |     |  |  
 |     |        |     |  +- SpiOsdWinScreen_Nobuff (see above)
 |     |        |     |  |  
 |     |        |     |  +- SpiOsdWinLutOffset_DMA (see above)
 |     |        |     |  |  
 |     |        |     |  +- WaitVBlank           (see above)
 |     |        |     |  |  
 |     |        |     |  +- SpiOsdLoadLUT_AB     (see above)
 |     |        |     |  |  
 |     |        |     |  +- SpiOsdWin_Rle        (see above)
 |     |        |     |     
 |     |        |     +- SpiOsdWinEnable_DMA  (see above)
 |     |        |        
 |     |        +- Tw8836_ChannelCtrlLvds
 |     |        |  | 
 |     |        |  +- tw8836I2CWrite       (see above)
 |     |        |     
 |     |        +- InitCore            
 |     |           | 
 |     |           +- SPI_QUADInit        
 |     |           |  | 
 |     |           |  +- SpiFlashChipRegCmd  
 |     |           |     | 
 |     |           |     +- WriteTW88Page        (see above)
 |     |           |     |  
 |     |           |     +- tw8836I2CWrite       (see above)
 |     |           |     |  
 |     |           |     +- WaitVBlank           (see above)
 |     |           |     |  
 |     |           |     +- ReadI2C              (see above)
 |     |           |     |  
 |     |           |     +- Delay                (see above)
 |     |           |        
 |     |           +- SPI_SetReadModeByRegister
 |     |           |  | 
 |     |           |  +- WriteTW88Page        (see above)
 |     |           |  |  
 |     |           |  +- ReadI2C              (see above)
 |     |           |  |  
 |     |           |  +- tw8836I2CWrite       (see above)
 |     |           |  |  
 |     |           |  +- _Jump_Table_Header_Offset (see above)
 |     |           |     
 |     |           +- SPI_Set4BytesAddress
 |     |              | 
 |     |              +- SpiFlashChipRegCmd   (see above)
 |     |                 
 |     +- vDiagAppTask        
 |     |  | 
 |     |  +- vDiagNetTask        
 |     |  |  | 
 |     |  |  +- vDiagNetWriteTask   
 |     |  |  |  | 
 |     |  |  |  +- vCanWrite            (see above)
 |     |  |  |     
 |     |  |  +- vDiagNetReadTask    
 |     |  |       
 |     |  +- vDiagAppReadTask    
 |     |  |  | 
 |     |  |  +- pxDiagNetRead       
 |     |  |  |    
 |     |  |  +- _Jump_Table_Addr     (see above)
 |     |  |  |  
 |     |  |  +- _Search_Table_8_Addr (see above)
 |     |  |  |  
 |     |  |  +- vDiagAppSessionEnter
 |     |  |  |  | 
 |     |  |  |  +- _Jump_Table_Header_Offset (see above)
 |     |  |  |     
 |     |  |  +- vDiagAppPositiveResponse
 |     |  |  |  | 
 |     |  |  |  +- vDiagAppWrite       
 |     |  |  |       
 |     |  |  +- _Jump_Table_Header_Offset (see above)
 |     |  |  |  
 |     |  |  +- vAmpMuteHardware     (see above)
 |     |  |  |  
 |     |  |  +- DiagAppSecurityAccessCalc
 |     |  |  |  | 
 |     |  |  |  +- _LXOR_RC            
 |     |  |  |  |  | 
 |     |  |  |  |  +- _ENTER_BINARY_L_RC  
 |     |  |  |  |  |  | 
 |     |  |  |  |  |  +- _PUSH_ARGS_L        
 |     |  |  |  |  |       
 |     |  |  |  |  +- _LXOR_k_is_k_xor_j  
 |     |  |  |  |       
 |     |  |  |  +- _POP32               (see above)
 |     |  |  |  |  
 |     |  |  |  +- _COPY                (see above)
 |     |  |  |     
 |     |  |  +- _LLSL               
 |     |  |  |  | 
 |     |  |  |  +- _ENTER_UNARY_L       (see above)
 |     |  |  |     
 |     |  |  +- _LOR                
 |     |  |  |  | 
 |     |  |  |  +- _ENTER_BINARY_L     
 |     |  |  |  |  | 
 |     |  |  |  |  +- _PUSH_ARGS_L         (see above)
 |     |  |  |  |     
 |     |  |  |  +- _LOR_k_is_k_or_j    
 |     |  |  |       
 |     |  |  +- _POP32               (see above)
 |     |  |  |  
 |     |  |  +- vDiagAppReadDataByID
 |     |  |  |  | 
 |     |  |  |  +- _Search_Table_16_Addr
 |     |  |  |  |    
 |     |  |  |  +- xEepromReadNByte     (see above)
 |     |  |  |  |  
 |     |  |  |  +- vDiagAppNegativeResponse
 |     |  |  |  |  | 
 |     |  |  |  |  +- vDiagAppWrite        (see above)
 |     |  |  |  |     
 |     |  |  |  +- _ICMP                (see above)
 |     |  |  |  |  
 |     |  |  |  +- vDiagAppWrite        (see above)
 |     |  |  |     
 |     |  |  +- vDiagAppWriteDataByID
 |     |  |  |  | 
 |     |  |  |  +- xEepromWriteNByte    (see above)
 |     |  |  |  |  
 |     |  |  |  +- vApuWrite            (see above)
 |     |  |  |  |  
 |     |  |  |  +- vDiagAppPositiveResponse (see above)
 |     |  |  |  |  
 |     |  |  |  +- vDiagAppNegativeResponse (see above)
 |     |  |  |     
 |     |  |  +- blDiagDTCClear      
 |     |  |  |    
 |     |  |  +- getDiagDTCNum       
 |     |  |  |    
 |     |  |  +- vDiagAppDTCReport   
 |     |  |  |  | 
 |     |  |  |  +- vDiagAppNegativeResponse (see above)
 |     |  |  |  |  
 |     |  |  |  +- getDiagDTC          
 |     |  |  |  |    
 |     |  |  |  +- vDiagAppWrite        (see above)
 |     |  |  |     
 |     |  |  +- getDiagAllDTC       
 |     |  |  |    
 |     |  |  +- vDiagAppInputOutputControl
 |     |  |  |  | 
 |     |  |  |  +- vPwmMonitorControl   (see above)
 |     |  |  |  |  
 |     |  |  |  +- vDiagAppPositiveResponse (see above)
 |     |  |  |  |  
 |     |  |  |  +- vSystemAccStatus     (see above)
 |     |  |  |  |  
 |     |  |  |  +- blCanEmsSpeed       
 |     |  |  |  |  | 
 |     |  |  |  |  +- vApuWrite            (see above)
 |     |  |  |  |  |  
 |     |  |  |  |  +- vPwmSpeedControl     (see above)
 |     |  |  |  |     
 |     |  |  |  +- vDiagAppNegativeResponse (see above)
 |     |  |  |     
 |     |  |  +- vDiagAppNegativeResponse (see above)
 |     |  |     
 |     |  +- vDiagAppSubTask     
 |     |  |  | 
 |     |  |  +- vDiagAppPositiveResponse (see above)
 |     |  |  |  
 |     |  |  +- vDiagAppNegativeResponse (see above)
 |     |  |     
 |     |  +- vDiagAppWriteTask   
 |     |  |  | 
 |     |  |  +- vDiagNetWrite       
 |     |  |       
 |     |  +- vDiagAppSessionEnter (see above)
 |     |     
 |     +- vNMTask             
 |     |  | 
 |     |  +- _Jump_Table_Header_Offset (see above)
 |     |  |  
 |     |  +- vNMInit             
 |     |  |  | 
 |     |  |  +- _Jump_Table_Header_Offset (see above)
 |     |  |  |  
 |     |  |  +- vNMInitConfig       
 |     |  |  |  | 
 |     |  |  |  +- SetCanAppDelayTimer  (see above)
 |     |  |  |     
 |     |  |  +- vNMInitReset        
 |     |  |  |    
 |     |  |  +- vNMWriteMessage      (see above)
 |     |  |     
 |     |  +- vNMNormalHandle     
 |     |  |  | 
 |     |  |  +- vNMWriteMessage      (see above)
 |     |  |     
 |     |  +- vNMLimpHomeHandle   
 |     |  |  | 
 |     |  |  +- vDiagDTC             (see above)
 |     |  |  |  
 |     |  |  +- vNMWriteMessage      (see above)
 |     |  |     
 |     |  +- vNMPreSleepHandle   
 |     |  |  | 
 |     |  |  +- vNMWriteMessage      (see above)
 |     |  |     
 |     |  +- vNMTaskAwake         (see above)
 |     |     
 |     +- vInsAppTask         
 |     |  | 
 |     |  +- vInsAppWriteTask    
 |     |  |  | 
 |     |  |  +- isInsWriteBusy      
 |     |  |  |    
 |     |  |  +- vInsWrite           
 |     |  |       
 |     |  +- vInsTask            
 |     |     | 
 |     |     +- vInsWriteTask       
 |     |        | 
 |     |        +- blCanAppWrite        (see above)
 |     |        |  
 |     |        +- _IDIVU_8             (see above)
 |     |        |  
 |     |        +- _ICMP                (see above)
 |     |           
 |     +- vSystemExternSignalDetectTask
 |     |  | 
 |     |  +- vSystemApuStatusDetect
 |     |     | 
 |     |     +- vSystemAccStatus     (see above)
 |     |     |  
 |     |     +- vAmpMuteHardware     (see above)
 |     |     |  
 |     |     +- IOBLcdControl        (see above)
 |     |     |  
 |     |     +- vApuWatchDogEnable   (see above)
 |     |        
 |     +- isApuInit           
 |          
 +- _Startup            
    | 
    +- Init                
    |  | 
    |  +- loadByte            
    |       
    +- main                 (see above)
       
 _vect               
 | 
 +- INTCanTx            
 |    
 +- INTCanRx            
 |  | 
 |  +- _Search_Table_8_Offset (see above)
 |  |  
 |  +- isDiagAppCanAppRx   
 |       
 +- INTCanErr           
 |    
 +- INTCanWu            
 |    
 +- INTPort             
 |    
 +- INTUart2Tx          
 |    
 +- INTUart2Rx          
 |  | 
 |  +- xListPushBackByte   
 |     | 
 |     +- _IMODU_STAR08        (see above)
 |     |  
 |     +- _ICMP                (see above)
 |        
 +- INTUart2Error       
 |    
 +- INTUart1Tx          
 |    
 +- INTUart1Rx          
 |  | 
 |  +- xListPushBackByte    (see above)
 |     
 +- INTUart1Error       
 |    
 +- vINTTimer           
 |  | 
 |  +- vBcmTimerMS         
 |       
 +- _Startup             (see above)
    
*********************************************************************************************
STATISTIC SECTION
---------------------------------------------------------------------------------------------

ExeFile:
--------
Number of blocks to be downloaded: 6
Total size of all blocks to be downloaded: 32984

